---
source: crates/shannon-ui/tests/ui_snapshot_tests.rs
expression: "format!(\"{:#?}\", msg)"
---
ChatMessage {
    role: Assistant,
    content: "Done!",
    timestamp: 2026-05-23T17:45:16.444053080Z,
    image_lines: None,
    is_error: false,
    tool_name: None,
    start_time: None,
    duration_secs: None,
    spinner_frame: 0,
    folded: true,
    exit_code: None,
    thinking_content: None,
    thinking_expanded: false,
    thinking_duration_secs: None,
    diff_stats: Some(
        (
            15,
            3,
        ),
    ),
    stats_line: Some(
        "960 tokens · $0.0142",
    ),
}
